// Vitest Snapshot v1, https://vitest.dev/guide/snapshot.html

exports[`toThrowErrorMatchingSnapshot > hint 1`] = `[Error: error]`;
